build-and-test	Set up job	ï»¿2025-05-30T16:17:55.3320154Z Current runner version: '2.324.0'
build-and-test	Set up job	2025-05-30T16:17:55.3348569Z ##[group]Operating System
build-and-test	Set up job	2025-05-30T16:17:55.3349297Z Microsoft Windows Server 2022
build-and-test	Set up job	2025-05-30T16:17:55.3349841Z 10.0.20348
build-and-test	Set up job	2025-05-30T16:17:55.3350277Z Datacenter
build-and-test	Set up job	2025-05-30T16:17:55.3350688Z ##[endgroup]
build-and-test	Set up job	2025-05-30T16:17:55.3351171Z ##[group]Runner Image
build-and-test	Set up job	2025-05-30T16:17:55.3351694Z Image: windows-2022
build-and-test	Set up job	2025-05-30T16:17:55.3352138Z Version: 20250527.1.0
build-and-test	Set up job	2025-05-30T16:17:55.3353135Z Included Software: https://github.com/actions/runner-images/blob/win22/20250527.1/images/windows/Windows2022-Readme.md
build-and-test	Set up job	2025-05-30T16:17:55.3354406Z Image Release: https://github.com/actions/runner-images/releases/tag/win22%2F20250527.1
build-and-test	Set up job	2025-05-30T16:17:55.3355230Z ##[endgroup]
build-and-test	Set up job	2025-05-30T16:17:55.3355648Z ##[group]Runner Image Provisioner
build-and-test	Set up job	2025-05-30T16:17:55.3356185Z 2.0.437.1
build-and-test	Set up job	2025-05-30T16:17:55.3356636Z ##[endgroup]
build-and-test	Set up job	2025-05-30T16:17:55.3357625Z ##[group]GITHUB_TOKEN Permissions
build-and-test	Set up job	2025-05-30T16:17:55.3359193Z Contents: read
build-and-test	Set up job	2025-05-30T16:17:55.3360505Z Metadata: read
build-and-test	Set up job	2025-05-30T16:17:55.3360959Z Packages: read
build-and-test	Set up job	2025-05-30T16:17:55.3361384Z ##[endgroup]
build-and-test	Set up job	2025-05-30T16:17:55.3363219Z Secret source: Actions
build-and-test	Set up job	2025-05-30T16:17:55.3363874Z Prepare workflow directory
build-and-test	Set up job	2025-05-30T16:17:55.3655367Z Prepare all required actions
build-and-test	Set up job	2025-05-30T16:17:55.3692706Z Getting action download info
build-and-test	Set up job	2025-05-30T16:17:55.9214486Z ##[group]Download immutable action package 'actions/checkout@v4'
build-and-test	Set up job	2025-05-30T16:17:55.9215696Z Version: 4.2.2
build-and-test	Set up job	2025-05-30T16:17:55.9216677Z Digest: sha256:ccb2698953eaebd21c7bf6268a94f9c26518a7e38e27e0b83c1fe1ad049819b1
build-and-test	Set up job	2025-05-30T16:17:55.9217770Z Source commit SHA: 11bd71901bbe5b1630ceea73d27597364c9af683
build-and-test	Set up job	2025-05-30T16:17:55.9218393Z ##[endgroup]
build-and-test	Set up job	2025-05-30T16:17:56.0581015Z ##[group]Download immutable action package 'actions/setup-dotnet@v4'
build-and-test	Set up job	2025-05-30T16:17:56.0581805Z Version: 4.3.1
build-and-test	Set up job	2025-05-30T16:17:56.0582559Z Digest: sha256:c7f3f729e5ef5b59af173c4efb4b30240ef30b219a7c12a6fae9f099415f688c
build-and-test	Set up job	2025-05-30T16:17:56.0583447Z Source commit SHA: 67a3573c9a986a3f9c594539f4ab511d57bb3ce9
build-and-test	Set up job	2025-05-30T16:17:56.0584115Z ##[endgroup]
build-and-test	Set up job	2025-05-30T16:17:56.4128597Z ##[group]Download immutable action package 'actions/cache@v4'
build-and-test	Set up job	2025-05-30T16:17:56.4129321Z Version: 4.2.3
build-and-test	Set up job	2025-05-30T16:17:56.4129969Z Digest: sha256:c8a3bb963e1f1826d8fcc8d1354f0dd29d8ac1db1d4f6f20247055ae11b81ed9
build-and-test	Set up job	2025-05-30T16:17:56.4130872Z Source commit SHA: 5a3ec84eff668545956fd18022155c47e93e2684
build-and-test	Set up job	2025-05-30T16:17:56.4131464Z ##[endgroup]
build-and-test	Set up job	2025-05-30T16:17:56.5696208Z ##[group]Download immutable action package 'actions/upload-artifact@v4'
build-and-test	Set up job	2025-05-30T16:17:56.5697109Z Version: 4.6.2
build-and-test	Set up job	2025-05-30T16:17:56.5697854Z Digest: sha256:290722aa3281d5caf23d0acdc3dbeb3424786a1a01a9cc97e72f147225e37c38
build-and-test	Set up job	2025-05-30T16:17:56.5698778Z Source commit SHA: ea165f8d65b6e75b540449e92b4886f43607fa02
build-and-test	Set up job	2025-05-30T16:17:56.5699437Z ##[endgroup]
build-and-test	Set up job	2025-05-30T16:17:56.9796102Z Download action repository 'actions/create-release@v1' (SHA:0cb9c9b65d5d1901c1f53e5e66eaf4afd303e70e)
build-and-test	Set up job	2025-05-30T16:17:57.5634327Z Complete job name: build-and-test
build-and-test	Run actions/checkout@v4	ï»¿2025-05-30T16:17:57.6644264Z ##[group]Run actions/checkout@v4
build-and-test	Run actions/checkout@v4	2025-05-30T16:17:57.6645667Z with:
build-and-test	Run actions/checkout@v4	2025-05-30T16:17:57.6646398Z   fetch-depth: 0
build-and-test	Run actions/checkout@v4	2025-05-30T16:17:57.6647200Z   repository: Bigessfour/BusBus
build-and-test	Run actions/checkout@v4	2025-05-30T16:17:57.6648269Z   token: ***
build-and-test	Run actions/checkout@v4	2025-05-30T16:17:57.6648993Z   ssh-strict: true
build-and-test	Run actions/checkout@v4	2025-05-30T16:17:57.6649705Z   ssh-user: git
build-and-test	Run actions/checkout@v4	2025-05-30T16:17:57.6650463Z   persist-credentials: true
build-and-test	Run actions/checkout@v4	2025-05-30T16:17:57.6651312Z   clean: true
build-and-test	Run actions/checkout@v4	2025-05-30T16:17:57.6652037Z   sparse-checkout-cone-mode: true
build-and-test	Run actions/checkout@v4	2025-05-30T16:17:57.6652938Z   fetch-tags: false
build-and-test	Run actions/checkout@v4	2025-05-30T16:17:57.6653673Z   show-progress: true
build-and-test	Run actions/checkout@v4	2025-05-30T16:17:57.6654433Z   lfs: false
build-and-test	Run actions/checkout@v4	2025-05-30T16:17:57.6655104Z   submodules: false
build-and-test	Run actions/checkout@v4	2025-05-30T16:17:57.6655888Z   set-safe-directory: true
build-and-test	Run actions/checkout@v4	2025-05-30T16:17:57.6656894Z ##[endgroup]
build-and-test	Run actions/checkout@v4	2025-05-30T16:17:58.0675240Z Syncing repository: Bigessfour/BusBus
build-and-test	Run actions/checkout@v4	2025-05-30T16:17:58.0778129Z ##[group]Getting Git version info
build-and-test	Run actions/checkout@v4	2025-05-30T16:17:58.0778733Z Working directory is 'D:\a\BusBus\BusBus'
build-and-test	Run actions/checkout@v4	2025-05-30T16:17:58.2373079Z [command]"C:\Program Files\Git\bin\git.exe" version
build-and-test	Run actions/checkout@v4	2025-05-30T16:17:58.2814338Z git version 2.49.0.windows.1
build-and-test	Run actions/checkout@v4	2025-05-30T16:17:58.2921324Z ##[endgroup]
build-and-test	Run actions/checkout@v4	2025-05-30T16:17:58.2941842Z Temporarily overriding HOME='D:\a\_temp\632174f3-7a3b-4671-a082-b55087e78eba' before making global git config changes
build-and-test	Run actions/checkout@v4	2025-05-30T16:17:58.2943278Z Adding repository directory to the temporary git global config as a safe directory
build-and-test	Run actions/checkout@v4	2025-05-30T16:17:58.2953351Z [command]"C:\Program Files\Git\bin\git.exe" config --global --add safe.directory D:\a\BusBus\BusBus
build-and-test	Run actions/checkout@v4	2025-05-30T16:17:58.3506506Z Deleting the contents of 'D:\a\BusBus\BusBus'
build-and-test	Run actions/checkout@v4	2025-05-30T16:17:58.3511979Z ##[group]Initializing the repository
build-and-test	Run actions/checkout@v4	2025-05-30T16:17:58.3521687Z [command]"C:\Program Files\Git\bin\git.exe" init D:\a\BusBus\BusBus
build-and-test	Run actions/checkout@v4	2025-05-30T16:17:58.4229496Z Initialized empty Git repository in D:/a/BusBus/BusBus/.git/
build-and-test	Run actions/checkout@v4	2025-05-30T16:17:58.4274112Z [command]"C:\Program Files\Git\bin\git.exe" remote add origin https://github.com/Bigessfour/BusBus
build-and-test	Run actions/checkout@v4	2025-05-30T16:17:58.4697119Z ##[endgroup]
build-and-test	Run actions/checkout@v4	2025-05-30T16:17:58.4697852Z ##[group]Disabling automatic garbage collection
build-and-test	Run actions/checkout@v4	2025-05-30T16:17:58.4707682Z [command]"C:\Program Files\Git\bin\git.exe" config --local gc.auto 0
build-and-test	Run actions/checkout@v4	2025-05-30T16:17:58.4925050Z ##[endgroup]
build-and-test	Run actions/checkout@v4	2025-05-30T16:17:58.4925560Z ##[group]Setting up auth
build-and-test	Run actions/checkout@v4	2025-05-30T16:17:58.4938233Z [command]"C:\Program Files\Git\bin\git.exe" config --local --name-only --get-regexp core\.sshCommand
build-and-test	Run actions/checkout@v4	2025-05-30T16:17:58.5156999Z [command]"C:\Program Files\Git\bin\git.exe" submodule foreach --recursive "sh -c \"git config --local --name-only --get-regexp 'core\.sshCommand' && git config --local --unset-all 'core.sshCommand' || :\""
build-and-test	Run actions/checkout@v4	2025-05-30T16:17:59.6649125Z [command]"C:\Program Files\Git\bin\git.exe" config --local --name-only --get-regexp http\.https\:\/\/github\.com\/\.extraheader
build-and-test	Run actions/checkout@v4	2025-05-30T16:17:59.6862930Z [command]"C:\Program Files\Git\bin\git.exe" submodule foreach --recursive "sh -c \"git config --local --name-only --get-regexp 'http\.https\:\/\/github\.com\/\.extraheader' && git config --local --unset-all 'http.https://github.com/.extraheader' || :\""
build-and-test	Run actions/checkout@v4	2025-05-30T16:18:00.1013236Z [command]"C:\Program Files\Git\bin\git.exe" config --local http.https://github.com/.extraheader "AUTHORIZATION: basic ***"
build-and-test	Run actions/checkout@v4	2025-05-30T16:18:00.1232427Z ##[endgroup]
build-and-test	Run actions/checkout@v4	2025-05-30T16:18:00.1233284Z ##[group]Fetching the repository
build-and-test	Run actions/checkout@v4	2025-05-30T16:18:00.1248999Z [command]"C:\Program Files\Git\bin\git.exe" -c protocol.version=2 fetch --prune --no-recurse-submodules origin +refs/heads/*:refs/remotes/origin/* +refs/tags/*:refs/tags/* +2b8c8fd128a7820b27271158ba106c2f9ea94dd2:refs/remotes/pull/1/merge
build-and-test	Run actions/checkout@v4	2025-05-30T16:18:02.3306510Z From https://github.com/Bigessfour/BusBus
build-and-test	Run actions/checkout@v4	2025-05-30T16:18:02.3307597Z  * [new branch]      fix/ci-failure-automation                -> origin/fix/ci-failure-automation
build-and-test	Run actions/checkout@v4	2025-05-30T16:18:02.3308566Z  * [new branch]      main                                     -> origin/main
build-and-test	Run actions/checkout@v4	2025-05-30T16:18:02.3309569Z  * [new ref]         2b8c8fd128a7820b27271158ba106c2f9ea94dd2 -> pull/1/merge
build-and-test	Run actions/checkout@v4	2025-05-30T16:18:02.3649728Z ##[endgroup]
build-and-test	Run actions/checkout@v4	2025-05-30T16:18:02.3650531Z ##[group]Determining the checkout info
build-and-test	Run actions/checkout@v4	2025-05-30T16:18:02.3654342Z ##[endgroup]
build-and-test	Run actions/checkout@v4	2025-05-30T16:18:02.3655342Z [command]"C:\Program Files\Git\bin\git.exe" sparse-checkout disable
build-and-test	Run actions/checkout@v4	2025-05-30T16:18:02.3900327Z [command]"C:\Program Files\Git\bin\git.exe" config --local --unset-all extensions.worktreeConfig
build-and-test	Run actions/checkout@v4	2025-05-30T16:18:02.4109794Z ##[group]Checking out the ref
build-and-test	Run actions/checkout@v4	2025-05-30T16:18:02.4118524Z [command]"C:\Program Files\Git\bin\git.exe" checkout --progress --force refs/remotes/pull/1/merge
build-and-test	Run actions/checkout@v4	2025-05-30T16:18:03.4540236Z Updating files:  62% (5604/9016)
build-and-test	Run actions/checkout@v4	2025-05-30T16:18:03.4672479Z Updating files:  63% (5681/9016)
build-and-test	Run actions/checkout@v4	2025-05-30T16:18:03.4948671Z Updating files:  64% (5771/9016)
build-and-test	Run actions/checkout@v4	2025-05-30T16:18:03.5099916Z Updating files:  65% (5861/9016)
build-and-test	Run actions/checkout@v4	2025-05-30T16:18:03.5229180Z Updating files:  66% (5951/9016)
build-and-test	Run actions/checkout@v4	2025-05-30T16:18:03.5347828Z Updating files:  67% (6041/9016)
build-and-test	Run actions/checkout@v4	2025-05-30T16:18:03.5475573Z Updating files:  68% (6131/9016)
build-and-test	Run actions/checkout@v4	2025-05-30T16:18:03.5599910Z Updating files:  69% (6222/9016)
build-and-test	Run actions/checkout@v4	2025-05-30T16:18:03.5717354Z Updating files:  70% (6312/9016)
build-and-test	Run actions/checkout@v4	2025-05-30T16:18:03.5844525Z Updating files:  71% (6402/9016)
build-and-test	Run actions/checkout@v4	2025-05-30T16:18:03.5963221Z Updating files:  72% (6492/9016)
build-and-test	Run actions/checkout@v4	2025-05-30T16:18:03.6084797Z Updating files:  73% (6582/9016)
build-and-test	Run actions/checkout@v4	2025-05-30T16:18:03.6205460Z Updating files:  74% (6672/9016)
build-and-test	Run actions/checkout@v4	2025-05-30T16:18:03.6373591Z Updating files:  75% (6762/9016)
build-and-test	Run actions/checkout@v4	2025-05-30T16:18:03.6517211Z Updating files:  76% (6853/9016)
build-and-test	Run actions/checkout@v4	2025-05-30T16:18:03.6654619Z Updating files:  77% (6943/9016)
build-and-test	Run actions/checkout@v4	2025-05-30T16:18:03.6786066Z Updating files:  78% (7033/9016)
build-and-test	Run actions/checkout@v4	2025-05-30T16:18:03.6921174Z Updating files:  79% (7123/9016)
build-and-test	Run actions/checkout@v4	2025-05-30T16:18:03.7079545Z Updating files:  80% (7213/9016)
build-and-test	Run actions/checkout@v4	2025-05-30T16:18:03.7232239Z Updating files:  81% (7303/9016)
build-and-test	Run actions/checkout@v4	2025-05-30T16:18:03.7378232Z Updating files:  82% (7394/9016)
build-and-test	Run actions/checkout@v4	2025-05-30T16:18:03.7583774Z Updating files:  83% (7484/9016)
build-and-test	Run actions/checkout@v4	2025-05-30T16:18:03.7715577Z Updating files:  84% (7574/9016)
build-and-test	Run actions/checkout@v4	2025-05-30T16:18:03.7853950Z Updating files:  85% (7664/9016)
build-and-test	Run actions/checkout@v4	2025-05-30T16:18:03.8013680Z Updating files:  86% (7754/9016)
build-and-test	Run actions/checkout@v4	2025-05-30T16:18:03.8154206Z Updating files:  87% (7844/9016)
build-and-test	Run actions/checkout@v4	2025-05-30T16:18:03.8290668Z Updating files:  88% (7935/9016)
build-and-test	Run actions/checkout@v4	2025-05-30T16:18:03.8465072Z Updating files:  89% (8025/9016)
build-and-test	Run actions/checkout@v4	2025-05-30T16:18:03.8629354Z Updating files:  90% (8115/9016)
build-and-test	Run actions/checkout@v4	2025-05-30T16:18:03.8781531Z Updating files:  91% (8205/9016)
build-and-test	Run actions/checkout@v4	2025-05-30T16:18:03.8939672Z Updating files:  92% (8295/9016)
build-and-test	Run actions/checkout@v4	2025-05-30T16:18:03.9087405Z Updating files:  93% (8385/9016)
build-and-test	Run actions/checkout@v4	2025-05-30T16:18:03.9229498Z Updating files:  94% (8476/9016)
build-and-test	Run actions/checkout@v4	2025-05-30T16:18:03.9357511Z Updating files:  95% (8566/9016)
build-and-test	Run actions/checkout@v4	2025-05-30T16:18:03.9493948Z Updating files:  96% (8656/9016)
build-and-test	Run actions/checkout@v4	2025-05-30T16:18:03.9643141Z Updating files:  97% (8746/9016)
build-and-test	Run actions/checkout@v4	2025-05-30T16:18:03.9785328Z Updating files:  98% (8836/9016)
build-and-test	Run actions/checkout@v4	2025-05-30T16:18:03.9914073Z Updating files:  99% (8926/9016)
build-and-test	Run actions/checkout@v4	2025-05-30T16:18:03.9914471Z Updating files: 100% (9016/9016)
build-and-test	Run actions/checkout@v4	2025-05-30T16:18:03.9914870Z Updating files: 100% (9016/9016), done.
build-and-test	Run actions/checkout@v4	2025-05-30T16:18:04.0116097Z Note: switching to 'refs/remotes/pull/1/merge'.
build-and-test	Run actions/checkout@v4	2025-05-30T16:18:04.0116441Z 
build-and-test	Run actions/checkout@v4	2025-05-30T16:18:04.0116721Z You are in 'detached HEAD' state. You can look around, make experimental
build-and-test	Run actions/checkout@v4	2025-05-30T16:18:04.0117414Z changes and commit them, and you can discard any commits you make in this
build-and-test	Run actions/checkout@v4	2025-05-30T16:18:04.0118115Z state without impacting any branches by switching back to a branch.
build-and-test	Run actions/checkout@v4	2025-05-30T16:18:04.0118758Z 
build-and-test	Run actions/checkout@v4	2025-05-30T16:18:04.0119085Z If you want to create a new branch to retain commits you create, you may
build-and-test	Run actions/checkout@v4	2025-05-30T16:18:04.0119751Z do so (now or later) by using -c with the switch command. Example:
build-and-test	Run actions/checkout@v4	2025-05-30T16:18:04.0120297Z 
build-and-test	Run actions/checkout@v4	2025-05-30T16:18:04.0120446Z   git switch -c <new-branch-name>
build-and-test	Run actions/checkout@v4	2025-05-30T16:18:04.0120688Z 
build-and-test	Run actions/checkout@v4	2025-05-30T16:18:04.0120805Z Or undo this operation with:
build-and-test	Run actions/checkout@v4	2025-05-30T16:18:04.0121013Z 
build-and-test	Run actions/checkout@v4	2025-05-30T16:18:04.0121117Z   git switch -
build-and-test	Run actions/checkout@v4	2025-05-30T16:18:04.0121269Z 
build-and-test	Run actions/checkout@v4	2025-05-30T16:18:04.0121570Z Turn off this advice by setting config variable advice.detachedHead to false
build-and-test	Run actions/checkout@v4	2025-05-30T16:18:04.0122996Z 
build-and-test	Run actions/checkout@v4	2025-05-30T16:18:04.0123475Z HEAD is now at 2b8c8fd Merge 336f735300ec27dc9528113af074609594b71b59 into e648604b794f9c2a88960f32ea0da0c6a76523a9
build-and-test	Run actions/checkout@v4	2025-05-30T16:18:04.0168710Z ##[endgroup]
build-and-test	Run actions/checkout@v4	2025-05-30T16:18:04.0414361Z [command]"C:\Program Files\Git\bin\git.exe" log -1 --format=%H
build-and-test	Run actions/checkout@v4	2025-05-30T16:18:04.0618397Z 2b8c8fd128a7820b27271158ba106c2f9ea94dd2
build-and-test	Setup .NET	ï»¿2025-05-30T16:18:04.0974320Z ##[group]Run actions/setup-dotnet@v4
build-and-test	Setup .NET	2025-05-30T16:18:04.0974622Z with:
build-and-test	Setup .NET	2025-05-30T16:18:04.0974778Z   dotnet-version: 8.0.x
build-and-test	Setup .NET	2025-05-30T16:18:04.0974967Z   cache: false
build-and-test	Setup .NET	2025-05-30T16:18:04.0975115Z ##[endgroup]
build-and-test	Setup .NET	2025-05-30T16:18:04.4238546Z [command]"C:\Program Files\PowerShell\7\pwsh.exe" -NoLogo -Sta -NoProfile -NonInteractive -ExecutionPolicy Unrestricted -Command & 'D:\a\_actions\actions\setup-dotnet\v4\externals\install-dotnet.ps1' -SkipNonVersionedFiles -Runtime dotnet -Channel LTS
build-and-test	Setup .NET	2025-05-30T16:18:06.7515893Z dotnet-install: .NET Core Runtime with version '8.0.16' is already installed.
build-and-test	Setup .NET	2025-05-30T16:18:06.8999485Z [command]"C:\Program Files\PowerShell\7\pwsh.exe" -NoLogo -Sta -NoProfile -NonInteractive -ExecutionPolicy Unrestricted -Command & 'D:\a\_actions\actions\setup-dotnet\v4\externals\install-dotnet.ps1' -SkipNonVersionedFiles -Channel 8.0
build-and-test	Setup .NET	2025-05-30T16:18:07.5824273Z dotnet-install: .NET Core SDK with version '8.0.410' is already installed.
build-and-test	Cache NuGet packages	ï»¿2025-05-30T16:18:09.1072880Z ##[group]Run actions/cache@v4
build-and-test	Cache NuGet packages	2025-05-30T16:18:09.1073174Z with:
build-and-test	Cache NuGet packages	2025-05-30T16:18:09.1073347Z   path: ~/.nuget/packages
build-and-test	Cache NuGet packages	2025-05-30T16:18:09.1073707Z   key: Windows-nuget-bb8d40228d98633fd8ec0c82ac59057b8873e5d5facd69acda9e70ff71ded640
build-and-test	Cache NuGet packages	2025-05-30T16:18:09.1074120Z   restore-keys: Windows-nuget-
build-and-test	Cache NuGet packages	
build-and-test	Cache NuGet packages	2025-05-30T16:18:09.1074337Z   enableCrossOsArchive: false
build-and-test	Cache NuGet packages	2025-05-30T16:18:09.1074543Z   fail-on-cache-miss: false
build-and-test	Cache NuGet packages	2025-05-30T16:18:09.1074732Z   lookup-only: false
build-and-test	Cache NuGet packages	2025-05-30T16:18:09.1074901Z   save-always: false
build-and-test	Cache NuGet packages	2025-05-30T16:18:09.1075062Z env:
build-and-test	Cache NuGet packages	2025-05-30T16:18:09.1075214Z   DOTNET_ROOT: C:\Program Files\dotnet
build-and-test	Cache NuGet packages	2025-05-30T16:18:09.1075419Z ##[endgroup]
build-and-test	Cache NuGet packages	2025-05-30T16:18:09.7636025Z Cache not found for input keys: Windows-nuget-bb8d40228d98633fd8ec0c82ac59057b8873e5d5facd69acda9e70ff71ded640, Windows-nuget-
build-and-test	Restore dependencies	ï»¿2025-05-30T16:18:09.7828788Z ##[group]Run dotnet restore
build-and-test	Restore dependencies	2025-05-30T16:18:09.7829115Z [36;1mdotnet restore[0m
build-and-test	Restore dependencies	2025-05-30T16:18:09.7861569Z shell: C:\Program Files\PowerShell\7\pwsh.EXE -command ". '{0}'"
build-and-test	Restore dependencies	2025-05-30T16:18:09.7861882Z env:
build-and-test	Restore dependencies	2025-05-30T16:18:09.7862047Z   DOTNET_ROOT: C:\Program Files\dotnet
build-and-test	Restore dependencies	2025-05-30T16:18:09.7862268Z ##[endgroup]
build-and-test	Restore dependencies	2025-05-30T16:18:44.7472692Z   Determining projects to restore...
build-and-test	Restore dependencies	2025-05-30T16:19:36.7221955Z   Restored D:\a\BusBus\BusBus\BusBus.csproj (in 47.72 sec).
build-and-test	Restore dependencies	2025-05-30T16:19:41.2079726Z   Restored D:\a\BusBus\BusBus\BusBus.Tests\BusBus.Tests.csproj (in 52.3 sec).
build-and-test	Build	ï»¿2025-05-30T16:19:41.7039739Z ##[group]Run dotnet build --no-restore
build-and-test	Build	2025-05-30T16:19:41.7040109Z [36;1mdotnet build --no-restore[0m
build-and-test	Build	2025-05-30T16:19:41.7070896Z shell: C:\Program Files\PowerShell\7\pwsh.EXE -command ". '{0}'"
build-and-test	Build	2025-05-30T16:19:41.7071199Z env:
build-and-test	Build	2025-05-30T16:19:41.7071361Z   DOTNET_ROOT: C:\Program Files\dotnet
build-and-test	Build	2025-05-30T16:19:41.7071589Z ##[endgroup]
build-and-test	Build	2025-05-30T16:20:00.9215508Z ##[error]D:\a\BusBus\BusBus\UI\Dashboard.cs(1193,6): error CS1513: } expected [D:\a\BusBus\BusBus\BusBus.csproj]
build-and-test	Build	2025-05-30T16:20:00.9227612Z ##[error]D:\a\BusBus\BusBus\UI\RoutesManagementPanel.cs(676,10): error CS1513: } expected [D:\a\BusBus\BusBus\BusBus.csproj]
build-and-test	Build	2025-05-30T16:20:00.9229239Z ##[error]D:\a\BusBus\BusBus\UI\Dashboard.cs(1195,1): error CS1038: #endregion directive expected [D:\a\BusBus\BusBus\BusBus.csproj]
build-and-test	Build	2025-05-30T16:20:00.9957849Z 
build-and-test	Build	2025-05-30T16:20:00.9963551Z Build FAILED.
build-and-test	Build	2025-05-30T16:20:00.9963837Z 
build-and-test	Build	2025-05-30T16:20:00.9965364Z ##[error]D:\a\BusBus\BusBus\UI\Dashboard.cs(1193,6): error CS1513: } expected [D:\a\BusBus\BusBus\BusBus.csproj]
build-and-test	Build	2025-05-30T16:20:00.9967875Z ##[error]D:\a\BusBus\BusBus\UI\RoutesManagementPanel.cs(676,10): error CS1513: } expected [D:\a\BusBus\BusBus\BusBus.csproj]
build-and-test	Build	2025-05-30T16:20:00.9970030Z ##[error]D:\a\BusBus\BusBus\UI\Dashboard.cs(1195,1): error CS1038: #endregion directive expected [D:\a\BusBus\BusBus\BusBus.csproj]
build-and-test	Build	2025-05-30T16:20:00.9971639Z     0 Warning(s)
build-and-test	Build	2025-05-30T16:20:00.9971926Z     3 Error(s)
build-and-test	Build	2025-05-30T16:20:00.9972097Z 
build-and-test	Build	2025-05-30T16:20:00.9972247Z Time Elapsed 00:00:18.74
build-and-test	Build	2025-05-30T16:20:01.1159693Z ##[error]Process completed with exit code 1.
build-and-test	Post Run actions/checkout@v4	ï»¿2025-05-30T16:20:01.1428675Z Post job cleanup.
build-and-test	Post Run actions/checkout@v4	2025-05-30T16:20:01.3778424Z [command]"C:\Program Files\Git\bin\git.exe" version
build-and-test	Post Run actions/checkout@v4	2025-05-30T16:20:01.3993308Z git version 2.49.0.windows.1
build-and-test	Post Run actions/checkout@v4	2025-05-30T16:20:01.4064865Z Temporarily overriding HOME='D:\a\_temp\64b9e0c8-0ea3-44a9-a993-51f499cd4dc9' before making global git config changes
build-and-test	Post Run actions/checkout@v4	2025-05-30T16:20:01.4065555Z Adding repository directory to the temporary git global config as a safe directory
build-and-test	Post Run actions/checkout@v4	2025-05-30T16:20:01.4076530Z [command]"C:\Program Files\Git\bin\git.exe" config --global --add safe.directory D:\a\BusBus\BusBus
build-and-test	Post Run actions/checkout@v4	2025-05-30T16:20:01.4318538Z [command]"C:\Program Files\Git\bin\git.exe" config --local --name-only --get-regexp core\.sshCommand
build-and-test	Post Run actions/checkout@v4	2025-05-30T16:20:01.4559034Z [command]"C:\Program Files\Git\bin\git.exe" submodule foreach --recursive "sh -c \"git config --local --name-only --get-regexp 'core\.sshCommand' && git config --local --unset-all 'core.sshCommand' || :\""
build-and-test	Post Run actions/checkout@v4	2025-05-30T16:20:01.9143583Z fatal: No url found for submodule path 'BusBus' in .gitmodules
build-and-test	Post Run actions/checkout@v4	2025-05-30T16:20:01.9237881Z ##[warning]The process 'C:\Program Files\Git\bin\git.exe' failed with exit code 128
build-and-test	Complete job	ï»¿2025-05-30T16:20:01.9348312Z Cleaning up orphan processes
build-and-test	Complete job	2025-05-30T16:20:02.0080908Z Terminate orphan process: pid (2064) (dotnet)
build-and-test	Complete job	2025-05-30T16:20:02.0194795Z Terminate orphan process: pid (4608) (conhost)
build-and-test	Complete job	2025-05-30T16:20:02.0330055Z Terminate orphan process: pid (5328) (dotnet)
build-and-test	Complete job	2025-05-30T16:20:02.0494909Z Terminate orphan process: pid (5808) (conhost)
